192 425 §8 D-007 Spec - - newsecs= 
193 436 §8 D-007 Rejected - - newsecs= 
194 582 §8.3 D-016 Spec old new newsecs= §8.3
195 984 §8.1 D-032 Spec old new newsecs= §8.1,§8.3,§8.4
196 984 §8.4 D-032 Spec old new newsecs= §8.1,§8.3,§8.4
197 991 §8.4 D-032 Rejected old new newsecs= §8.1,§8.3,§8.4
198 1020 §8.1 D-033 Spec - new newsecs= §8.1,§8.2
199 1020 §8.2 D-033 Spec old new newsecs= §8.1,§8.2
200 1028 §8.1 D-033 Rationale - new newsecs= §8.1,§8.2
201 1058 §8.3 D-034 Spec old new newsecs= §8.3
202 1192 §8.1 D-039 Spec - - newsecs= §8.5,§8.8
203 1192 §8.3 D-039 Spec - - newsecs= §8.5,§8.8
204 1192 §8.5 D-039 Spec old new newsecs= §8.5,§8.8
205 1192 §8.8 D-039 Spec old new newsecs= §8.5,§8.8
206 1198 §8.1 D-039 Rejected - - newsecs= §8.5,§8.8
207 1201 §8.3 D-039 Rejected - - newsecs= §8.5,§8.8
208 1211 §8.6 D-040 Spec old new newsecs= §8.6
209 1230 §8.6 D-041 Spec old new newsecs= §8.6
210 1250 §8.7 D-042 Spec old new newsecs= §8.7
211 1267 §8.4 D-043 Spec - - newsecs= §8.8
212 1267 §8.8 D-043 Spec old new newsecs= §8.8
213 1272 §8.4 D-043 Rejected - - newsecs= §8.8
214 1367 §8.6 D-046 Spec old new newsecs= §8.6,§8.8
215 1550 §8.2 D-054 Spec old new newsecs= §8.2
216 1571 §8.4 D-055 Position - - newsecs= §8.3
217 1574 §8.3 D-055 Spec old new newsecs= §8.3
218 1574 §8.4 D-055 Spec - - newsecs= §8.3
219 1608 §8.6 D-056 Spec - new newsecs= §8.6
220 1783 §8.6 D-063 Position - - newsecs= 
221 1788 §8.6 D-063 Spec - - newsecs= 
222 1883 §8.6 D-067 Position - new newsecs= §8.6
223 1894 §8.6 D-067 Spec - new newsecs= §8.6
224 2101 §8.2 D-073 Position old new newsecs= §8.2
225 2105 §8.2 D-073 Spec old new newsecs= §8.2
226 2111 §8.6 D-073 Rejected - - newsecs= §8.2
227 2114 §8.2 D-073 Rejected old new newsecs= §8.2
228 2232 §8.1 D-077 Spec old new newsecs= §8.1,§8.2
229 2232 §8.2 D-077 Spec old new newsecs= §8.1,§8.2
230 2252 §8.2 D-077 Rejected old new newsecs= §8.1,§8.2
231 2305 §8.5 D-079 Spec - - newsecs= §8.2
232 2311 §8.5 D-079 Rationale - - newsecs= §8.2
233 2482 §8.8 D-085 Spec - - newsecs= §8.5,§8.6,§8.7
234 2486 §8.8 D-085 Rationale - - newsecs= §8.5,§8.6,§8.7
235 3016 §8.5 D-103 Position - - newsecs= 
236 3020 §8.5 D-103 Spec - - newsecs= 
237 3324 §8.2 D-112 Spec - new newsecs= §8.2
238 3366 §8.4 D-113 Spec - - newsecs= 
239 3366 §8.8 D-113 Spec - - newsecs= 
240 3485 §8.1 D-117 Position old new newsecs= §8.1
241 3488 §8.1 D-117 Spec old new newsecs= §8.1
242 3488 §8.4 D-117 Spec - - newsecs= §8.1
243 3500 §8.4 D-117 Rejected - - newsecs= §8.1
244 3581 §8.2 D-120 Spec - new newsecs= §8.2
245 3637 §8.2 D-122 Spec - - newsecs= 
246 3643 §8.2 D-122 Rationale - - newsecs= 
247 3664 §8.2 D-122 Rejected - - newsecs= 
248 3682 §8.1 D-123 Spec - - newsecs= 
249 3682 §8.2 D-123 Spec - - newsecs= 
250 3682 §8.6 D-123 Spec - - newsecs= 
251 3689 §8.2 D-123 Rationale - - newsecs= 
252 3689 §8.6 D-123 Rationale - - newsecs= 
253 3690 §8.6 D-123 Rationale - - newsecs= 
254 3696 §8.1 D-123 Rejected - - newsecs= 
255 3866 §8.6 D-129 Spec - new newsecs= §8.6
256 3868 §8.6 D-129 Rationale - new newsecs= §8.6
257 4528 §8.3 D-140 Position - - newsecs= 
258 4530 §8.3 D-140 Spec - - newsecs= 
259 4552 §8.3 D-140 Rationale - - newsecs= 
260 4602 §8.5 D-141 Spec - - newsecs= 
261 4665 §8.5 D-141 Divergence - - newsecs= 
262 4806 §8.1 D-144 Position old new newsecs= §8.1
263 4824 §8.1 D-144 Spec old new newsecs= §8.1
264 4824 §8.6 D-144 Spec - - newsecs= §8.1
265 4824 §8.8 D-144 Spec - - newsecs= §8.1
266 4833 §8.8 D-144 Rationale - - newsecs= §8.1
267 4835 §8.8 D-144 Rationale - - newsecs= §8.1
268 4865 §8.8 D-145 Position old new newsecs= §8.8
269 4871 §8.5 D-145 Position - - newsecs= §8.8
270 4873 §8.1 D-145 Spec - - newsecs= §8.8
271 4873 §8.4 D-145 Spec - - newsecs= §8.8
272 4873 §8.5 D-145 Spec - - newsecs= §8.8
273 4873 §8.8 D-145 Spec old new newsecs= §8.8
274 4877 §8.1 D-145 Rationale - - newsecs= §8.8
275 4902 §8.4 D-145 Rejected - - newsecs= §8.8
276 5412 §8.4 D-157 Position - - newsecs= 
277 5419 §8.4 D-157 Spec - - newsecs= 
278 5593 §8.1 D-164 Position old new newsecs= §8.1
279 5595 §8.1 D-164 Spec old new newsecs= §8.1
280 5602 §8.1 D-164 Rationale old new newsecs= §8.1
281 5630 §8.3 D-165 Spec - - newsecs= 
282 5678 §8.3 D-165 Rationale - - newsecs= 
283 5725 §8.5 D-166 Position - - newsecs= 
284 5729 §8.1 D-166 Spec old - newsecs= 
285 5729 §8.2 D-166 Spec - - newsecs= 
286 5729 §8.5 D-166 Spec - - newsecs= 
287 5755 §8.1 D-166 Rationale old - newsecs= 
288 5812 §8.2 D-166 Rejected - - newsecs= 
289 5834 §8.2 D-167 Spec old - newsecs= 
290 5834 §8.5 D-167 Spec - - newsecs= 
291 5906 §8.2 D-168 Spec old new newsecs= §8.2
292 5910 §8.2 D-168 Rationale old new newsecs= §8.2
293 5996 §8.2 D-170 Spec - - newsecs= §8.1,§8.6
294 5996 §8.5 D-170 Spec - - newsecs= §8.1,§8.6
295 5996 §8.6 D-170 Spec old new newsecs= §8.1,§8.6
296 5996 §8.8 D-170 Spec - - newsecs= §8.1,§8.6
297 6022 §8.8 D-171 Spec - new newsecs= §8.1,§8.8
298 6029 §8.8 D-171 Rationale - new newsecs= §8.1,§8.8
299 6045 §8.2 D-172 Position - - newsecs= 
300 6054 §8.2 D-172 Spec - - newsecs= 
301 6054 §8.3 D-172 Spec - - newsecs= 
302 6054 §8.6 D-172 Spec - - newsecs= 
303 6056 §8.2 D-172 Rationale - - newsecs= 
304 6064 §8.6 D-172 Rejected - - newsecs= 
305 6071 §8.3 D-172 Rejected - - newsecs= 
306 6083 §8.2 D-173 Spec - - newsecs= 
307 6083 §8.7 D-173 Spec - - newsecs= 
308 6084 §8.6 D-173 Spec - - newsecs= 
309 6119 §8.7 D-173 Rejected - - newsecs= 
310 6255 §8.5 D-177 Position - - newsecs= 
311 6257 §8.3 D-177 Position - - newsecs= 
312 6260 §8.1 D-177 Spec - - newsecs= 
313 6260 §8.3 D-177 Spec - - newsecs= 
314 6260 §8.5 D-177 Spec - - newsecs= 
315 6273 §8.1 D-177 Rationale - - newsecs= 
316 6279 §8.1 D-177 Rationale - - newsecs= 
317 6314 §8.1 D-178 Spec - new newsecs= §8.1
318 6314 §8.5 D-178 Spec - - newsecs= §8.1
319 6323 §8.5 D-178 Rationale - - newsecs= §8.1
320 6330 §8.5 D-178 Rationale - - newsecs= §8.1
321 6331 §8.1 D-178 Rationale - new newsecs= §8.1
322 6359 §8.1 D-179 Spec - - newsecs= §8.2
323 6378 §8.1 D-179 Rejected - - newsecs= §8.2
324 6455 §8.1 D-182 Spec - - newsecs= 
325 6469 §8.1 D-182 Rejected - - newsecs= 
326 6513 §8.5 D-184 Position old new newsecs= §8.5
327 6517 §8.5 D-184 Spec old new newsecs= §8.5
328 6523 §8.5 D-184 Rationale old new newsecs= §8.5
329 6528 §8.5 D-184 Rejected old new newsecs= §8.5
330 6553 §8.7 D-185 Spec - new newsecs= §8.7
331 6880 §8.6 D-194 Position - - newsecs= §8.2,§8.3
332 6886 §8.3 D-194 Spec old new newsecs= §8.2,§8.3
333 6951 §8.2 D-195 Spec old new newsecs= §8.2
334 6951 §8.7 D-195 Spec - - newsecs= §8.2
335 6951 §8.6 D-195 Spec - - newsecs= §8.2
336 6981 §8.7 D-195 Rejected - - newsecs= §8.2
337 7405 §8.6 D-207 Spec - new newsecs= §8.6,§8.8
338 7405 §8.8 D-207 Spec - new newsecs= §8.6,§8.8
339 7414 §8.8 D-207 Rationale - new newsecs= §8.6,§8.8
340 7418 §8.8 D-207 Rationale - new newsecs= §8.6,§8.8
341 7424 §8.3 D-207 Rejected - - newsecs= §8.6,§8.8
342 7432 §8.8 D-207 Rejected - new newsecs= §8.6,§8.8
343 7446 §8.2 D-208 Position old new newsecs= §8.2,§8.6
344 7447 §8.2 D-208 Position old new newsecs= §8.2,§8.6
345 7452 §8.2 D-208 Spec old new newsecs= §8.2,§8.6
346 7452 §8.6 D-208 Spec - new newsecs= §8.2,§8.6
347 7473 §8.8 D-209 Spec old new newsecs= §8.8
348 7490 §8.6 D-210 Position old new newsecs= §8.2,§8.6
349 7498 §8.2 D-210 Spec - new newsecs= §8.2,§8.6
350 7498 §8.6 D-210 Spec old new newsecs= §8.2,§8.6
351 7506 §8.6 D-210 Rationale old new newsecs= §8.2,§8.6
352 7541 §8.5 D-211 Spec old new newsecs= §8.5,§8.6
353 7541 §8.6 D-211 Spec - new newsecs= §8.5,§8.6
354 7543 §8.5 D-211 Rationale old new newsecs= §8.5,§8.6
355 7592 §8.5 D-212 Spec old new newsecs= §8.5
356 7603 §8.5 D-212 Rationale old new newsecs= §8.5
357 7617 §8.6 D-212 Rejected - - newsecs= §8.5
358 7654 §8.2 D-213 Rejected - - newsecs= 
359 7987 §8.1 D-220 Spec old new newsecs= §8.1,§8.2
360 7987 §8.2 D-220 Spec old new newsecs= §8.1,§8.2
361 7987 §8.5 D-220 Spec - - newsecs= §8.1,§8.2
362 7988 §8.6 D-220 Spec - - newsecs= §8.1,§8.2
363 8480 §8.2 D-231 Spec - new newsecs= §8.2
364 8684 §8.2 D-236 Spec old new newsecs= §8.2
365 8719 §8.2 D-236 Rejected old new newsecs= §8.2
366 8833 §8.4 D-239 Spec old new newsecs= §8.3,§8.4
367 8835 §8.4 D-239 Rationale old new newsecs= §8.3,§8.4
368 8946 §8.1 D-242 Spec - - newsecs= 
369 8946 §8.2 D-242 Spec - - newsecs= 
370 8947 §8.6 D-242 Spec - - newsecs= 
371 9098 §8.1 D-246 Spec old new newsecs= §8.1
372 9160 §8.2 D-247 Spec old new newsecs= §8.2
373 9222 §8.2 D-248 Position - - newsecs= 
374 9273 §8.5 D-249 Position - - newsecs= §8.2
375 9286 §8.5 D-249 Spec - - newsecs= §8.2
376 9286 §8.6 D-249 Spec - - newsecs= §8.2
377 9290 §8.5 D-249 Rationale - - newsecs= §8.2
378 9408 §8.8 D-251 Position old new newsecs= §8.8
379 9411 §8.8 D-251 Spec old new newsecs= §8.8
380 9413 §8.8 D-251 Rationale old new newsecs= §8.8
381 9453 §8.3 D-252 Spec old new newsecs= §8.3
382 9845 §8.2 D-259 Spec - - newsecs= 
383 9845 §8.5 D-259 Spec - - newsecs= 
384 10195 §8.5 D-263 Position old new newsecs= §8.2,§8.3,§8.5
385 10201 §8.1 D-263 Spec - - newsecs= §8.2,§8.3,§8.5
386 10201 §8.2 D-263 Spec old new newsecs= §8.2,§8.3,§8.5
387 10201 §8.3 D-263 Spec - new newsecs= §8.2,§8.3,§8.5
388 10201 §8.5 D-263 Spec old new newsecs= §8.2,§8.3,§8.5
389 10201 §8.6 D-263 Spec - - newsecs= §8.2,§8.3,§8.5
390 10245 §8.5 D-263 Rationale old new newsecs= §8.2,§8.3,§8.5
391 10331 §8.2 D-264 Spec old new newsecs= §8.2
392 10351 §8.2 D-264 Rationale old new newsecs= §8.2
393 10366 §8.2 D-264 Rationale old new newsecs= §8.2
394 10398 §8.2 D-265 Spec old new newsecs= §8.2
395 10462 §8.2 D-266 Spec - new newsecs= §8.2
396 10531 §8.1 D-267 Position old new newsecs= §8.1
397 10537 §8.1 D-267 Spec old new newsecs= §8.1
398 10537 §8.2 D-267 Spec - - newsecs= §8.1
399 10537 §8.3 D-267 Spec - - newsecs= §8.1
400 10537 §8.4 D-267 Spec - - newsecs= §8.1
401 10537 §8.5 D-267 Spec - - newsecs= §8.1
402 10537 §8.6 D-267 Spec - - newsecs= §8.1
403 10537 §8.8 D-267 Spec - - newsecs= §8.1
404 10605 §8.7 D-267 Rejected - - newsecs= §8.1
405 11058 §8.2 D-272 Annotation - - newsecs= 
406 11289 §8.6 D-276 Position - - newsecs= 
407 11290 §8.8 D-276 Position - - newsecs= 
408 11302 §8.6 D-276 Position - - newsecs= 
409 11506 §8.1 D-279 Spec old new newsecs= §8.1
410 11507 §8.2 D-279 Spec - - newsecs= §8.1
411 11507 §8.5 D-279 Spec - - newsecs= §8.1
412 11507 §8.6 D-279 Spec - - newsecs= §8.1
413 11507 §8.8 D-279 Spec - - newsecs= §8.1
414 11511 §8.6 D-279 Rationale - - newsecs= §8.1
415 11574 §8.2 D-280 Spec - new newsecs= §8.2
416 11800 §8.2 D-286 Spec - new newsecs= §8.2
417 11807 §8.2 D-286 Rationale - new newsecs= §8.2
